// Jest Snapshot v1, https://goo.gl/fbAQLP

exports[`WifiStatusList rendering a empty status list 1`] = `
<DocumentFragment>
  <ion-grid>
    <ion-row>
      <ion-col>
        <ion-text>
          Network Name
        </ion-text>
      </ion-col>
      <ion-col>
        <ion-text>
          Signal Strength
        </ion-text>
      </ion-col>
    </ion-row>
  </ion-grid>
</DocumentFragment>
`;

exports[`WifiStatusList rendering a wifi status list 1`] = `
<DocumentFragment>
  <ion-grid>
    <ion-row>
      <ion-col>
        <ion-text>
          Network Name
        </ion-text>
      </ion-col>
      <ion-col>
        <ion-text>
          Signal Strength
        </ion-text>
      </ion-col>
    </ion-row>
  </ion-grid>
</DocumentFragment>
`;
